PORT_BEHAVIOR_BEGIN
date ref0 -1970                            | 978307200.000000000
date ref0 -ref                             | 0.000000000
date 0.0 desc                              | 2001-01-01 00:00:00 +0000
d1 -1970                                   | 1234567890.000000000
d1 -ref                                    | 256260690.000000000
d2 add 3600 to d1                          | 1234571490.000000000
d2 earlierDate d1                          | ==d1
d1 laterDate d2                            | ==d2
compare d1 vs d2                           | -1
compare d2 vs d1                           | 1
isEqualToDate same                         | 1
timeIntervalSinceDate                      | 3600.000000000
distantFuture ref                          | 63113904000.000000000
distantPast ref                            | -63114076800.000000000
now ~ today                                | 1
nInt intValue                              | 42
nInt objCType                              | i
nBool boolValue                            | 1
nBool trueValue                            | 0
nFloat doubleValue                         | 3.14159
nFloat floatValue                          | 3.14159
nLng longLongValue                         | 9007199254740993
nChar charValue                            | A
compare 1 vs 2                             | -1
compare 2 vs 1                             | 1
equalNumber 42                             | 1
equalNumber 43                             | 0
intvalue from numWithInt                   | -7
str len                                    | 17
str charAt0                                | H
str charAt7                                | F
str substr(0,5)                            | Hello
str substringFromIndex 7                   | Foundation
str substringToIndex 5                     | Hello
str hasPrefix Hello                        | 1
str hasPrefix hey                          | 0
str hasSuffix Foundation                   | 1
str containsString Found                   | 1
str isEqualToString                        | 1
str != other                               | 0
str lowercase                              | hello, foundation
str uppercase                              | HELLO, FOUNDATION
str stringByAppending                      | Hello, Foundation!
str format ints                            | 2 + 3 = 5
str format mixed                           | 3.14 pi nice
str rangeOfString Found                    | {7,5}
str rangeOfString xyz                      | {9223372036854775807,0}
str compare case                           | -1
str compareIC ab                           | 0
str trim ws                                | padded
csv count                                  | 5
csv joined                                 | a|b|c||e
mutable append                             | foo
mutable appendFormat                       | foo-42
mutable setString                          | reset
mutable replaceRange                       | XYset
mutable deleteRange                        | Xset
mutable insert                             | ZXset
str replaceOccurrences                     | 1 two 1
str UTF8 roundtrip                         | café
url absoluteString                         | https://example.com/path?q=1#frag
url isFileURL                              | 0
url file isFileURL                         | 1
url file path                              | /tmp/my file.txt
url bad -> nil                             | 0
uu init string abs                         | https://x.example/pa?q=2
uu init string nil                         | raise NSInvalidArgumentException
uu absolute file                           | file:///tmp/my%20file.txt
uu path http                               | /pa
uu path root file                          | /
uu nsstring nil                            | 0
uu file scheme init                        | 1
uu http scheme init                        | 0
uu file localhost path                     | /etc/hosts
uu fragment abs                            | https://x/#f
array count                                | 3
array idx0                                 | z
array idx2                                 | m
array contains a                           | 1
array contains q                           | 0
enumerator next1                           | z
enumerator next2                           | a
enumerator next3                           | m
enumerator next4                           | (null)
rev enumerate                              | m,a,z
mutable addObject                          | z,a,m,b
mutable removeObjIdx0                      | a,m,b
mutable count after removeAll              | 0
set count                                  | 2
set contains x                             | 1
set contains z                             | 0
set member x                               | x
set sortedObjects                          | x,y
set isSubsetOf                             | 1
set isSubsetOf reverse                     | 0
set add w count/sorted                     | 3=w,x,y
dict count                                 | 3
dict a                                     | 1
dict c                                     | 3
dict missing                               | 1
dict sortedKeys                            | a,b,c
dict allKeys via set                       | a,b,c
mutable dict count                         | 2
mutable dict k1                            | v1
mutable dict count after remove            | 1
mutable dict k2                            | v2
data length                                | 8
data byte0                                 | 00
data byte3                                 | 80
data byte7                                 | 30
subdata len                                | 3
subdata b0                                 | 02
subdata b2                                 | ff
isEqualToData same                         | 1
isEqualToData diff                         | 0
cal self-match opts=0                      | 2024-03-16 10:00:00
cal self-match strict                      | 2024-03-16 10:00:00
cal day=3 from Jan 5                       | 2024-02-03 00:00:00
cal day=15 from Jan 20                     | 2024-02-15 00:00:00
cal feb29 opts=0                           | 2025-03-01 00:00:00
cal feb29 +NextTime                        | 2025-03-01 00:00:00
cal feb29 strict                           | 2028-02-29 00:00:00
cal feb29 from Mar1 2022                   | 2023-03-01 00:00:00
cal feb29 from Mar1 2027                   | 2028-02-29 00:00:00
cal weekday=6 Fri                          | 2024-03-15 00:00:00
cal hour=6 from 10:00                      | 2024-03-16 06:00:00
cal unit year=2030                         | 2030-01-01 00:00:00
cal unit year=2030 strict                  | 2030-01-01 00:00:00
cal unit year=2020 past                    | (nil)
cal feb30 strict                           | (nil)
cal quarter=1 from May5                    | 2025-01-01 00:00:00
cal empty comps                            | (nil)
locale en_US identifier                    | en_US
locale en_US country                       | US
locale en_US currency                      | USD
locale en_US decimalSep                    | .
locale en_US groupSep                      | ,
locale en_US usesMetric                    | 0
locale de_DE identifier                    | de_DE
locale de_DE country                       | DE
locale de_DE currency                      | EUR
locale de_DE decimalSep                    | ,
locale de_DE groupSep                      | .
locale en displayName fr                   | French
locale en displayName Country:DE           | Germany
locale de displayName fr                   | Französisch
locale en_US isEqual en_US                 | 1
locale en_US isEqual de_DE                 | 0
locale equal hash                          | 17464408573887=17464408573887
locale copy roundtrip                      | en_US
locale init alloc de_DE                    | de_DE
df default dateStyle                       | 0
df default timeStyle                       | 0
df dateFormat getter                       | yyyy-MM-dd HH:mm:ss
df stringFromDate ymd                      | 2009-02-13 23:31:30
df parse roundtrip                         | 1234567890
df parse invalid nil                       | 1
df fractional SSS                          | 2009-02-13 23:31:30.000
sc int first                               | 123 ok=1 loc=5
sc atEnd between                           | 0
sc int second                              | 45 ok=1 loc=8
sc atEnd done                              | 1
sc longlong min                            | -9223372036854775808 loc=20
sc longlong overflow                       | 9223372036854775807
sc int overflows-max                       | 2147483647
sc ull max                                 | 18446744073709551615 loc=20
sc hex ff                                  | 255 loc=4
sc hex second                              | 16 loc=7
sc double                                  | 3.14159 loc=7
sc float                                   | 1.5 loc=3
sc upTo end                                | start foo  ok=1 loc=10
sc chars lower                             | abc ok=1 loc=3
sc upToChars a                             | a loc=1
sc CI default match                        | AbC ok=1 loc=3
sc CI strict mismatch                      | ok=0 loc=0
sc manual loc digits                       | 123 ok=1 loc=6
sc reset atEnd                             | 0
sc empty isAtEnd                           | 1
sc copy location                           | 5
sc copy scans                              | 123 ok=1
pr basic domain                            | TestDomain
pr basic code                              | 42
pr negative code                           | -1004
pr localizedDescription present            | Boom happened
pr localizedDescription fallback           | The operation couldn’t be completed. (TestDomain error 42.)
pr description nil-userinfo                | Error Domain=TestDomain Code=42 "(null)"
pr userInfo count                          | 4
pr userInfo extra key                      | kept value
pr failureReason lookup                    | the widget broke
pr recoverySuggestion lookup               | replace the widget
pr init matches basic                      | 1
pr copy identity                           | 0
pr isEqual same                            | 1
pr isEqual congruent                       | 1
pr isEqual diff-code                       | 0
pr isEqual diff-domain                     | 0
pr hash congruent                          | 1
pr userInfo snapshot                       | mutable
nz null identity                           | 1
nz null is kCFNull                         | 1
nz description                             | <null>
nz copy identity                           | 1
nz isEqual self                            | 1
nz isEqual string                          | 0
nz hash congruent                          | 1
cv int roundtrip                           | 5
cv int getValue:size: full                 | 5
cv int objCType                            | i
cv int description                         | {length = 4, bytes = 0x05000000}
cv bool roundtrip                          | 1
cv range objCType                          | {_NSRange=QQ}
cv range roundtrip                         | 3,7
cv point roundtrip                         | 2.5,4.0
cv size roundtrip                          | 10.0,20.0
cv rect roundtrip                          | 1.0,2.0,3.0,4.0
cv pointer roundtrip                       | 1
cv nonretained roundtrip                   | 1
cv isEqual same-content                    | 1
cv isEqual diff-bytes                      | 0
cv isEqual diff-type                       | 0
cv isEqual nonvalue                        | 0
cv hash congruent                          | 1
cv hash differs-bytes                      | 1
cv isEqualToValue same                     | 1
cv copy identity                           | 1
ns create count                            | 0
ns count after 3 inserts                   | 3
ns get existing                            | 1
ns get absent                              | 1
ns member hit                              | 1
ns member value                            | 1
ns member origkey                          | 1
ns member absent                           | 0
ns insertIfAbsent new                      | 1
ns insertIfAbsent exists                   | 1
ns insertIfAbsent kept value               | 1
ns get by content-equal key                | 1
ns count after remove                      | 3
ns get removed                             | 1
ns reinsert get                            | 1
ns copy compare                            | 1
ns compare after diverge                   | 0
ns allKeys count                           | 4
ns allKeys contents                        | 1
ns allValues contents                      | 1
ns enumerate pairs                         | 4
ns enumerate nonnull                       | 1
ns count after reset                       | 0
ns insert after reset                      | 1
ns null get absent                         | 1
ns null insert rejects                     | 1
ns null remove rejects                     | 1
ns integer key get                         | 1
dm str zero                                | 0
dm str one                                 | 1
dm str 100                                 | 100
dm str 12345                               | 12345
dm str 0.5                                 | 0.5
dm str -0.5                                | -0.5
dm str 1.375                               | 1.375
dm str 123.45                              | 123.45
dm str nan                                 | NaN
dm cmp 1 vs 2                              | -1
dm cmp 2 vs 2                              | 0
dm cmp 5 vs 2                              | 1
dm cmp -0.5 vs 0.5                         | -1
dm cmp nan vs 1                            | -1
dm cmp 1 vs nan                            | 1
dm add 0.5+0.5                             | 1 err=0
dm sub 1-0.5                               | 0.5 err=0
dm sub 0.5-(-0.5)                          | 1 err=0
dm add 1e127+1e-6                          | 10000000000000000000000000000000000000000000000000000000000000000000000000000000000000000000000000000 err=1
dm add nan                                 | NaN err=3
dm mul 15*2                                | 30 err=0
dm mul 0.5*-0.5                            | -0.25 err=0
dm div 7/3                                 | 2.33333333333333333333333333333333333333 err=0
dm div 1/3 down                            | 0.33333333333333333333333333333333333333 err=0
dm div 1/2                                 | 0.5 err=0
dm div 1/0                                 | NaN err=4
dm div 0/3                                 | 0 err=0
dm round 1.375 plain@0                     | 1
dm round 1.375 plain@2                     | 1.38
dm round 1.375 plain@-1                    | 0
dm round nan                               | NaN
dm round 1.5 plain                         | 2
dm round 1.5 down                          | 1
dm round 1.5 up                            | 2
dm round 1.5 bankers                       | 2
dm round 2.5 plain                         | 3
dm round 2.5 bankers                       | 2
dm round -1.5 plain                        | -2
dm round -1.5 down                         | -2
dm round -1.5 up                           | -1
dm round -1.5 bankers                      | -2
dm round -2.5 bankers                      | -2
dm normalize 10,0.5                        | 10.0|0.5 err=0
dm power 2^0                               | 1 err=0
dm power 2^10                              | 1024 err=0
dm power 0^0                               | 1 err=0
dm power 1.5^2                             | 2.25 err=0
dm mul10 0.5*1e3                           | 500 err=0
dm mul10 1.375*1e-2                        | 0.01375 err=0
dm mul10 overflow                          | NaN err=3
dm mul10 underflow                         | NaN err=2
dm isNaN zero                              | 0
dm isNaN nan                               | 1
dm copy                                    | 1.375
dm wide len                                | 8
dm compact len                             | 1
dm compact str                             | 7
dm compact sign                            | 0
dm loc 12345 dot                           | 12345
dm loc 123.45 dot                          | 123.45
dm loc 12345 comma                         | 12345
dm loc 123.45 comma                        | 123,45
dm loc 0.5 comma                           | 0,5
dm loc 1234000 comma                       | 1234000
dm loc -12345 comma                        | -12345
dn zero                                    | 0
dn one                                     | 1
dn nan                                     | NaN
dn minimum                                 | -3402823669209384634633746074317682114550000000000000000000000000000000000000000000000000000000000000000000000000000000000000000000000000000000000000000000000000000000
dn maximum                                 | 3402823669209384634633746074317682114550000000000000000000000000000000000000000000000000000000000000000000000000000000000000000000000000000000000000000000000000000000
dn str 123.45                              | 123.45
dn str -0.001                              | -0.001
dn str 1.5e3                               | 1500
dn str 0007                                | 7
dn str 0                                   | 0
dn str 1e100                               | 10000000000000000000000000000000000000000000000000000000000000000000000000000000000000000000000000000
dn m 12345e-2                              | 123.45
dn m 0e5 neg                               | NaN
dn m -7                                    | -7
dn decimal 625e-3                          | 0.625
dn add 0.5+1                               | 1.5
dn sub 0.5-1                               | -0.5
dn mul 0.5*1                               | 0.5
dn div 0.5/1                               | 0.5
dn div 2/3                                 | 0.66666666666666666666666666666666666666
dn pow 2^10                                | 1024
dn mul10 0.5*1e3                           | 500
dn round 1.005 bnk2                        | 1
dn round 2.005 bnk2                        | 2
dn round 2.5 plain0                        | 3
dn round 3.5 plain0                        | 4
dn round 1.29 down1                        | 1.2
dn round -1.29 down1                       | -1.3
dn round 1.29 up1                          | 1.3
dn round -1.29 up1                         | -1.2
dn mul10 deep under                        | EX NSDecimalNumberUnderflowException
dn mul10 deep over                         | EX NSDecimalNumberOverflowException
dn div 1/0                                 | EX NSDecimalNumberDivideByZeroException
dn mul 1*nan                               | EX NSDecimalNumberOverflowException
dn cmp 3 vs 4                              | -1
dn cmp 4 vs 3                              | 1
dn cmp 3 vs 3.0                            | 0
dn cmp 3 vs nsnum 3                        | 0
dn double 3.25                             | 3.25
dn objCType                                | d
dn desc 123.45                             | 123.45
dn desc-loc comma                          | 123,45
dn default round                           | 0
dn default scale                           | 32767
dn class default round                     | 0
dn class default scale                     | 32767
dn handler round                           | 2
dn handler scale                           | 3
dn div 1/0 quiet                           | NaN
dn mul 1*nan quiet                         | NaN
dn mul10 over quiet                        | NaN
dn mul10 under quiet                       | NaN
dn div 1/3 scale4                          | 0.3333
dn pow 2^200 quiet                         | 1606938044258990275541962092341162602490000000000000000000000
nn char 'a'                                | c 97
nn uchar 200                               | s 200
nn short -5                                | s -5
nn ushort 70000                            | i 4464
nn int 42                                  | i 42
nn int -42                                 | i -42
nn uint 4294967295                         | q 4294967295
nn long 7                                  | q 7
nn ulong 7                                 | q 7
nn llong min                               | q -9223372036854775808
nn llong max                               | q 9223372036854775807
nn float 3.25                              | f 3.25
nn float 0.5                               | f 0.5
nn float 16777216                          | f 1.677722e+07
nn double 3.25                             | d 3.25
nn double 0.1                              | d 0.1
nn double 1/3                              | d 0.3333333333333333
nn double 2^53                             | d 9007199254740992
nn double 1e-7                             | d 1e-07
nn double 1e100                            | d 1e+100
nn double 1e18+1                           | d 1e+18
nn bool YES                                | c 1
nn bool NO                                 | c 0
nn integer 5                               | q 5
nn uinteger 5                              | q 5
nn nan                                     | d nan
nn inf                                     | d inf
nn -inf                                    | d -inf
nn int42 double                            | 42
nn int42 float                             | 42
nn dbl3.25 int                             | 3
nn dbl3.25 llong                           | 3
nn dbl3.25 bool                            | 1
nn dbl0 bool                               | 0
nn int0 bool                               | 0
nn YES int                                 | 1
nn YES dbl                                 | 1
nn ullong llong                            | -1
nn cmp 3 vs 4                              | -1
nn cmp 4 vs 3                              | 1
nn cmp 3 vs 3.0                            | 0
nn cmp 0.5 vs 0.5f                         | 0
nn eq int3 dbl3.0                          | 1
nn eq YES @1                               | 1
nn eq YES NO                               | 0
nn eq nsnum str                            | 0
nn iseq 4 vs 4.0                           | 1
nn iseq 4 vs 5                             | 0
nn cmp ullmax vs ullmax                    | 0
nn copy identity                           | 1
nn alloc init                              | (null) (null)
nn alloc initInt 7                         | i 7
nn alloc initDbl 2.5                       | d 2.5
nn desc-loc                                | 42
ne cocoa domain                            | NSCocoaErrorDomain
ne posix domain                            | NSPOSIXErrorDomain
ne osstatus domain                         | NSOSStatusErrorDomain
ne mach domain                             | NSMachErrorDomain
ne key options                             | NSLocalizedRecoveryOptions
ne key attempter                           | NSRecoveryAttempter
ne key anchor                              | NSHelpAnchor
ne key underlying                          | NSUnderlyingError
ne raw class                               | NSError
ne raw failure                             | nil
ne dict options                            | (
    OK,
    Cancel
)
ne dict attempter                          | attempter
ne dict anchor                             | help
ne underlying                              | Error Domain=under.example Code=1 "(null)"
ne numdesc                                 | 42
ne posix desc                              | The operation couldn’t be completed. No such file or directory
ne onedesc                                 | Error Domain=single.example Code=6 "One" UserInfo={NSLocalizedDescription=One}
ne eq diffUser                             | 0
ne eq nsnum                                | 0
ne eq nil                                  | 0
ne eq underlying-vs-raw                    | 0
ne hash diff                               | 1
ne copy diffobj                            | 1
ne copy equal                              | 1
ne copy desc                               | 1
ne user copy                               | A
ne user class                              | __NSFrozenDictionaryM
ne emptyuser desc                          | Error Domain=empty.example Code=3 "(null)"
ne nilseq userInfo                         | non-nil
ne nilseq desc                             | The operation couldn’t be completed. (nilseq.example error 4.)
ex cname generic                           | NSGenericException
ex cname range                             | NSRangeException
ex cname invalarg                          | NSInvalidArgumentException
ex cname internal                          | NSInternalInconsistencyException
ex cname malloc                            | NSMallocException
ex cname notavail                          | NSObjectNotAvailableException
ex cname destinv                           | NSDestinationInvalidException
ex cname invarch                           | NSInvalidArchiveOperationException
ex cname invunarch                         | NSInvalidUnarchiveOperationException
ex name                                    | NSRangeException
ex reason                                  | index 5 beyond bounds
ex userinfo val                            | val
ex userinfo same                           | 1
ex desc                                    | index 5 beyond bounds
ex nil userinfo                            | nil
ex nil desc                                | nil thing
ex raise name                              | NSInvalidArgumentException
ex raise reason                            | bad arg 42 and foo
ex raise desc                              | bad arg 42 and foo
ex raise uinfo                             | nil
ex raise stack addrs                       | 1
ex raise stack syms                        | 1
ex callstack addrs                         | 0
ex callstack syms                          | 0
ex handler set/get                         | 1
ex handler reset/get                       | 1
ex isEqual self                            | 1
ex isEqual samecontent                     | 1
ex isEqual diffUser                        | 1
ex hash equal                              | 1
ex copy identity                           | 0
ex copy desc equal                         | 1
ex userinfo snap                           | v2
cs ws sp                                   | 1
cs ws tab                                  | 1
cs ws nl                                   | 0
cs ws cr                                   | 0
cs ws vtab                                 | 0
cs ws nbsp                                 | 1
cs ws zb                                   | 1
cs ws ls2028                               | 0
cs ws ps2029                               | 0
cs wsnl sp                                 | 1
cs wsnl nl                                 | 1
cs wsnl cr                                 | 1
cs alnum a                                 | 1
cs alnum A                                 | 1
cs alnum 5                                 | 1
cs alnum !                                 | 0
cs alnum sp                                | 0
cs digit 0                                 | 1
cs digit 9                                 | 1
cs digit a                                 | 0
cs digit arabic0                           | 1
cs letter a                                | 1
cs letter A                                | 1
cs letter 1                                | 0
cs letter eacute                           | 1
cs letter sz                               | 1
cs lower a                                 | 1
cs lower A                                 | 0
cs lower 1                                 | 0
cs lower eacute                            | 1
cs upper a                                 | 0
cs upper A                                 | 1
cs upper 1                                 | 0
cs upper eacute                            | 0
cs punct comma                             | 1
cs punct dot                               | 1
cs punct bang                              | 1
cs punct sp                                | 0
cs punct a                                 | 0
cs ctrl tab                                | 1
cs ctrl nl                                 | 1
cs ctrl cr                                 | 1
cs ctrl sp                                 | 0
cs ctrl a                                  | 0
cs nl nl                                   | 1
cs nl cr                                   | 1
cs nl ls2028                               | 1
cs nl ps2029                               | 1
cs nl sp                                   | 0
cs str a                                   | 1
cs str b                                   | 1
cs str c                                   | 0
cs range A                                 | 1
cs range Z                                 | 1
cs range bracket                           | 0
cs range a                                 | 0
cs inv sp                                  | 0
cs inv a                                   | 1
cs inv nl                                  | 1
cs ws class                                | __NSCFCharacterSet
cs range class                             | __NSCFCharacterSet
cs copy identity                           | 0
cs eq same                                 | 1
cs eq fresh ws                             | 1
cs m class                                 | __NSCFCharacterSet
cs m A                                     | 1
cs m a                                     | 0
cs m addstr x                              | 1
cs m addrange 5                            | 1
cs m rmrange A                             | 0
cs m rmstr x                               | 0
cs m invert A                              | 1
cs m invert 5                              | 0
cs m invert sp                             | 1
cs m copy A                                | 1
st withchars                               | Hi
st withutf8                                | café
st withformat obj                          | a-42
st utf8 bytes                              | 5
st utf8 roundtrip                          | 1
st data len                                | 2
st data b0                                 | 41
st data b1                                 | 42
st init bytes ok                           | 1
st init bytes bad                          | nil
st eq nil                                  | 0
st prefix empty                            | 0
st suffix empty                            | 0
st caseIns                                 | 0
st compare                                 | -1
st compare literal                         | -1
st compare CI                              | 0
st lowercase I                             | i é
st uppercase eacute                        | É
st uppercase sz                            | SS
st lowercase sz                            | ß
st parts count                             | 4
st parts join                              | a|b||
st parts emptysep                          | ab
st subFrom range                           | NSRangeException
st subTo range                             | NSRangeException
st repl range                              | NSInvalidArgumentException
st hasPrefix nil                           | NSInvalidArgumentException
st comps sep nil                           | NSInvalidArgumentException
st percent add                             | a%20b&c/%C3%A9
st percent rep                             | a b/cé
st percent rep bad                         | (null)
st m cap0                                  | 0
st m replace count                         | 2 = a-b-c
st m insert range                          | NSInvalidArgumentException
ar factory empty                           | 0
ar empty eq empty                          | 1
ar empty eq nonempty                       | 0
ar withObjects                             | p|q|r
ar withArray eq                            | 1
ar alloc init                              | 0
ar isEqual nil                             | 0
ar isEqual string                          | 0
ar isEqual copy                            | 1
ar hash equal                              | 1
ar copy identity                           | 1
ar mutableCopy identity                    | 1
ar mutableCopy eq                          | 1
ar subscript                               | a
ar objectAt bounds                         | NSRangeException
ar subscript bounds                        | NSRangeException
ar contains nil                            | 0
ar m cap count                             | 0
ar m alloc init                            | 0
ar m addFromArray                          | z,a,m
ar m add nil                               | NSInvalidArgumentException
set alloc init                             | 0
set object dedup                           | 1
set withSet eq                             | 1
set fromArray                              | 2|a,b
set anyObject present                      | 1
set allObjects count                       | 3
set allObjects sorted                      | m,x,y
set intersects y                           | 1
set intersects no                          | 0
set intersects empty                       | 0
set isEqual content                        | 1
set isEqual nil                            | 0
set isEqual diffCount                      | 0
set hash equal                             | 1
set copy identity                          | 1
set mutableCopy identity                   | 1
set mutableCopy eq                         | 1
set copyItems eq                           | 1
set addFromSet                             | a,m,x,y
set addFromArray                           | a,m,x,y,z
set member nil                             | nil
set contains nil                           | 0
ms cap count                               | 0
ms add dup unique                          | 1
ms addFromArray                            | 3|a,b,k
ms remove                                  | a,b
ms remove missing                          | a,b
ms intersect                               | b,c
ms minus                                   | c
ms union                                   | r,s
ms setSet                                  | t
ms removeAll                               | 0
ms add nil                                 | NSInvalidArgumentException
cn cap                                     | 0
cn counts                                  | 2|ca2|cb1
cn missing                                 | 0
cn member a                                | a
cn contains                                | 1
cn contains missing                        | 0
cn rem dec                                 | 1|ca0|cb1
cn rem missing                             | 1|cb1
cn removeAll                               | 0
cn fromArr                                 | 2|cx2|cy1
cn fromArr sorted                          | x,y
cn enumerator                              | 2
cn fromSet sorted                          | m,x,y
cn fromSet count                           | 3
dd alloc init                              | 0
dd count                                   | 3
dd isEqual content                         | 0
dd isEqual diff                            | 1
dd hash equal                              | 1
dd copy identity                           | 1
dd mutableCopy identity                    | 1
dd mutableCopy eq                          | 1
dd allKeys sorted                          | a,b,c
dd objectForKeyedSubscript                 | 2
dd missing                                 | nil
dd objectForKey nil                        | nil
dd enumerate sorted                        | a=2,b=1,c=3
dd isEqual nil                             | 0
dd fromFile count                          | 2
dd fromFile name                           | probe
dd fromFile num                            | 7
dd fromURL count                           | 2
dd fromURL num                             | 7
dd fromURL err nil                         | 1
dd fromFile bad path                       | nil
md2 cap count                              | 0
md2 alloc init                             | 0
md2 set1 count                             | 1
md2 replace                                | 2|v2b
md2 subscript set                          | v3
md2 remove count                           | 2
md2 remove missing                         | 2
md2 set nil key                            | NSInvalidArgumentException
md2 set nil val                            | NSInvalidArgumentException
da alloc init len                          | 0
da data empty len                          | 0
da withBytes eq                            | 1
da fromData copy eq                        | 1
da fromData nil                            | ?
da noCopy len                              | 3
da noCopy b1                               | ad
da getBytes full                           | 1
da getBytes range                          | 1
da isEqual nil                             | 0
da copy identity                           | 1
da copy isEqual                            | 1
da empty subdata                           | 0
da subdata tail                            | 20|30
da m alloc init len                        | 0
da m cap len                               | 0
da m dataWithLength                        | 5|00|00
da m dataWithBytes                         | 3|02
da m dataWithData nil                      | ?
da m appendBytes                           | 4|00|80
da m setLength shrink                      | 2
da m setLength grow                        | 6|00|00
da m replace                               | 00|aa|bb
da m reset                                 | 00|00|00
da m setData                               | 2|00|01
da m appendData nil                        | 2
da m appendData                            | 4|02|80
da m mutableBytes                          | 11|ee|00
dc init year undef                         | undef
dc init week undef                         | undef
dc init cal nil                            | nil
dc init leapMonth                          | 0
dc init repeatedDay                        | 0
dc set era                                 | 1
dc set year                                | 2024
dc set month                               | 3
dc set day                                 | 15
dc set hour                                | 10
dc set minute                              | 30
dc set second                              | 45
dc set nanosecond                          | 500
dc set weekday                             | 6
dc set weekdayOrdinal                      | 3
dc set quarter                             | 2
dc set weekOfMonth                         | 2
dc set weekOfYear                          | 10
dc set yearForWeekOfYear                   | 2024
dc set dayOfYear                           | 75
dc set week                                | 9223372036854775807
dc set leapMonth                           | 0
dc valueFor year                           | 2024
dc valueFor nanosecond                     | 500
dc setValue year                           | 2030
dc valueFor setValue                       | 15
dc copy identity                           | 1
dc copy year                               | 2030
dc copy day                                | 15
dc copy week                               | 9223372036854775807
dc isValid full no cal                     | 0
dc valid feb29 gr                          | 1
dc valid feb30 gr                          | 0
dc valid month13 gr                        | 0
dc valid apr31 gr                          | 0
dc valid nil cal                           | raise NSInvalidArgumentException
dc date nil cal                            | nil
dc isValid set cal                         | 1
dc date with cal                           | 2024-02-29 00:00:00 +0000
td init rfd 1000                           | 1000.000000000
td init rfd eq factory                     | 1
td init 1970 ref                           | 0.000000000
td init 1970 zero                          | 0.000000000|-978307200.000000000
td dateBy adding eq                        | 1
td isEqual same obj                        | 1
td isEqual equal value                     | 1
td isEqual nil                             | 0
td isEqual string                          | 0
td isEqualToDate nil                       | 0
td hash equal                              | 1
td compare same                            | 0
td compare nil                             | 0
td copy identity                           | 1
td sentinel diff                           | 126227980800.000000000
td distantFuture eq                        | 1
td distantPast eq                          | 1
td desc locale                             | 2009-02-13 23:31:30 +0000
td earlier equal                           | 1
td later equal                             | 1
PORT_BEHAVIOR_END
